This is LuaHBTeX, Version 1.24.0 (TeX Live 2026)  (format=lualatex 2026.2.4)  25 FEB 2026 20:29
 system commands enabled.
**/Users/reczen/Library/Developer/CoreSimulator/Devices/5B641BF6-3AA0-4B55-B487
-88E69E42C9C5/data/Containers/Data/Application/96F7AAF5-BE5D-4FEF-A629-5B2105F7
2948/Documents/TeXAnt/GitProjects/LaTexTest/test.tex

(/Users/reczen/Library/Developer/CoreSimulator/Devices/5B641BF6-3AA0-4B55-B487-
88E69E42C9C5/data/Containers/Data/Application/96F7AAF5-BE5D-4FEF-A629-5B2105F72
948/Documents/TeXAnt/GitProjects/LaTexTest/test.tex
LaTeX2e <2025-11-01>
L3 programming layer <2026-01-19>
Lua module: luaotfload 2024-12-03 v3.29 Lua based OpenType font support
Lua module: lualibs 2023-07-13 v2.76 ConTeXt Lua standard libraries.
Lua module: lualibs-extended 2023-07-13 v2.76 ConTeXt Lua libraries -- extended 
collection.
luaotfload | conf : Root cache directory is "/Users/reczen/Library/Developer/Cor
eSimulator/Devices/5B641BF6-3AA0-4B55-B487-88E69E42C9C5/data/Containers/Data/App
lication/96F7AAF5-BE5D-4FEF-A629-5B2105F72948/Documents/TeXAnt/texmf-local/luate
x-cache/generic/names".
luaotfload | init : Loading fontloader "fontloader-2023-12-28.lua" from kpse-res
olved path "/Users/reczen/Library/Developer/CoreSimulator/Devices/5B641BF6-3AA0-
4B55-B487-88E69E42C9C5/data/Containers/Data/Application/96F7AAF5-BE5D-4FEF-A629-
5B2105F72948/Documents/TeXAnt/texmf-local/tex/luatex/luaotfload/fontloader-2023-
12-28.lua".
Lua-only attribute luaotfload@noligature = 1
luaotfload | init : Context OpenType loader version 3.134
Inserting `luaotfload.node_processor' in `pre_linebreak_filter'.
Inserting `luaotfload.node_processor' in `hpack_filter'.
Inserting `luaotfload.glyph_stream' in `glyph_stream_provider'.
Inserting `luaotfload.define_font' in `define_font'.
Lua-only attribute luaotfload_color_attribute = 2
luaotfload | conf : Root cache directory is "/Users/reczen/Library/Developer/Cor
eSimulator/Devices/5B641BF6-3AA0-4B55-B487-88E69E42C9C5/data/Containers/Data/App
lication/96F7AAF5-BE5D-4FEF-A629-5B2105F72948/Documents/TeXAnt/texmf-local/luate
x-cache/generic/names".
Inserting `luaotfload.harf.strip_prefix' in `find_opentype_file'.
Inserting `luaotfload.harf.strip_prefix' in `find_truetype_file'.
Removing  `luaotfload.glyph_stream' from `glyph_stream_provider'.
Inserting `luaotfload.harf.glyphstream' in `glyph_stream_provider'.
Inserting `luaotfload.harf.finalize_vlist' in `post_linebreak_filter'.
Inserting `luaotfload.harf.finalize_hlist' in `hpack_filter'.
Inserting `luaotfload.cleanup_files' in `wrapup_run'.
Inserting `luaotfload.harf.finalize_unicode' in `finish_pdffile'.
Inserting `luaotfload.glyphinfo' in `glyph_info'.
Lua-only attribute luaotfload.letterspace_done = 3
Inserting `luaotfload.aux.set_sscale_dimens' in `luaotfload.patch_font'.
Inserting `luaotfload.aux.set_font_index' in `luaotfload.patch_font'.
Inserting `luaotfload.aux.patch_cambria_domh' in `luaotfload.patch_font'.
Inserting `luaotfload.aux.fixup_fontdata' in `luaotfload.patch_font_unsafe'.
Inserting `luaotfload.aux.set_capheight' in `luaotfload.patch_font'.
Inserting `luaotfload.aux.set_xheight' in `luaotfload.patch_font'.
Inserting `luaotfload.rewrite_fontname' in `luaotfload.patch_font'.
Inserting `tracingstacklevels' in `input_level_string'.
(/Users/reczen/Library/Developer/CoreSimulator/Devices/5B641BF6-3AA0-4B55-B487-
88E69E42C9C5/data/Containers/Data/Application/96F7AAF5-BE5D-4FEF-A629-5B2105F72
948/Documents/TeXAnt/texmf-local/tex/latex/base/article.cls
Document Class: article 2025/01/22 v1.4n Standard LaTeX document class

(/Users/reczen/Library/Developer/CoreSimulator/Devices/5B641BF6-3AA0-4B55-B487-
88E69E42C9C5/data/Containers/Data/Application/96F7AAF5-BE5D-4FEF-A629-5B2105F72
948/Documents/TeXAnt/texmf-local/tex/latex/base/size10.clo
File: size10.clo 2025/01/22 v1.4n Standard LaTeX file (size option)
luaotfload | db : Font names database loaded from /Users/reczen/Library/Develope
r/CoreSimulator/Devices/5B641BF6-3AA0-4B55-B487-88E69E42C9C5/data/Containers/Dat
a/Application/96F7AAF5-BE5D-4FEF-A629-5B2105F72948/Documents/TeXAnt/texmf-local/
luatex-cache/generic/names/luaotfload-names.luc.gz)
\c@part=\count273
\c@section=\count274
\c@subsection=\count275
\c@subsubsection=\count276
\c@paragraph=\count277
\c@subparagraph=\count278
\c@figure=\count279
\c@table=\count280
\abovecaptionskip=\skip49
\belowcaptionskip=\skip50
\bibindent=\dimen147
)
(/Users/reczen/Library/Developer/CoreSimulator/Devices/5B641BF6-3AA0-4B55-B487-
88E69E42C9C5/data/Containers/Data/Application/96F7AAF5-BE5D-4FEF-A629-5B2105F72
948/Documents/TeXAnt/texmf-local/tex/latex/base/inputenc.sty
Package: inputenc 2024/02/08 v1.3d Input encoding file
\inpenc@prehook=\toks17
\inpenc@posthook=\toks18

Package inputenc Warning: inputenc package ignored with utf8 based engines.

)
(/Users/reczen/Library/Developer/CoreSimulator/Devices/5B641BF6-3AA0-4B55-B487-
88E69E42C9C5/data/Containers/Data/Application/96F7AAF5-BE5D-4FEF-A629-5B2105F72
948/Documents/TeXAnt/texmf-local/tex/latex/amscd/amsmath.sty
Package: amsmath 2025/07/09 v2.17z AMS math features
\@mathmargin=\skip51
For additional information on amsmath, use the `?' option.

(/Users/reczen/Library/Developer/CoreSimulator/Devices/5B641BF6-3AA0-4B55-B487-
88E69E42C9C5/data/Containers/Data/Application/96F7AAF5-BE5D-4FEF-A629-5B2105F72
948/Documents/TeXAnt/texmf-local/tex/latex/amscd/amstext.sty
Package: amstext 2024/11/17 v2.01 AMS text

(/Users/reczen/Library/Developer/CoreSimulator/Devices/5B641BF6-3AA0-4B55-B487-
88E69E42C9C5/data/Containers/Data/Application/96F7AAF5-BE5D-4FEF-A629-5B2105F72
948/Documents/TeXAnt/texmf-local/tex/latex/amscd/amsgen.sty
File: amsgen.sty 1999/11/30 v2.0 generic functions
\@emptytoks=\toks19
\ex@=\dimen148
))
(/Users/reczen/Library/Developer/CoreSimulator/Devices/5B641BF6-3AA0-4B55-B487-
88E69E42C9C5/data/Containers/Data/Application/96F7AAF5-BE5D-4FEF-A629-5B2105F72
948/Documents/TeXAnt/texmf-local/tex/latex/amscd/amsbsy.sty
Package: amsbsy 1999/11/29 v1.2d Bold Symbols
\pmbraise@=\dimen149
)
(/Users/reczen/Library/Developer/CoreSimulator/Devices/5B641BF6-3AA0-4B55-B487-
88E69E42C9C5/data/Containers/Data/Application/96F7AAF5-BE5D-4FEF-A629-5B2105F72
948/Documents/TeXAnt/texmf-local/tex/latex/amscd/amsopn.sty
Package: amsopn 2022/04/08 v2.04 operator names
)
\inf@bad=\count281
LaTeX Info: Redefining \frac on input line 235.
\uproot@=\count282
\leftroot@=\count283
LaTeX Info: Redefining \overline on input line 398.
LaTeX Info: Redefining \colon on input line 409.
\classnum@=\count284
\DOTSCASE@=\count285
LaTeX Info: Redefining \ldots on input line 495.
LaTeX Info: Redefining \dots on input line 498.
LaTeX Info: Redefining \cdots on input line 619.
\Mathstrutbox@=\box53
\strutbox@=\box54
LaTeX Info: Redefining \big on input line 721.
LaTeX Info: Redefining \Big on input line 722.
LaTeX Info: Redefining \bigg on input line 723.
LaTeX Info: Redefining \Bigg on input line 724.
\big@size=\dimen150
LaTeX Font Info:    Redeclaring font encoding OML on input line 742.
LaTeX Font Info:    Redeclaring font encoding OMS on input line 743.
\macc@depth=\count286
LaTeX Info: Redefining \bmod on input line 904.
LaTeX Info: Redefining \pmod on input line 909.
LaTeX Info: Redefining \smash on input line 939.
LaTeX Info: Redefining \relbar on input line 969.
LaTeX Info: Redefining \Relbar on input line 970.
\c@MaxMatrixCols=\count287
\dotsspace@=\muskip17
\c@parentequation=\count288
\dspbrk@lvl=\count289
\tag@help=\toks20
\row@=\count290
\column@=\count291
\maxfields@=\count292
\andhelp@=\toks21
\eqnshift@=\dimen151
\alignsep@=\dimen152
\tagshift@=\dimen153
\tagwidth@=\dimen154
\totwidth@=\dimen155
\lineht@=\dimen156
\@envbody=\toks22
\multlinegap=\skip52
\multlinetaggap=\skip53
\mathdisplay@stack=\toks23
LaTeX Info: Redefining \[ on input line 2950.
LaTeX Info: Redefining \] on input line 2951.
)
(/Users/reczen/Library/Developer/CoreSimulator/Devices/5B641BF6-3AA0-4B55-B487-
88E69E42C9C5/data/Containers/Data/Application/96F7AAF5-BE5D-4FEF-A629-5B2105F72
948/Documents/TeXAnt/texmf-local/tex/latex/l3backend/l3backend-luatex.def
File: l3backend-luatex.def 2025-10-09 L3 backend support: PDF output (LuaTeX)
\l__color_backend_stack_int=\count293
Inserting `l3color' in `luaotfload.parse_color'.)
(/Users/reczen/Library/Developer/CoreSimulator/Devices/5B641BF6-3AA0-4B55-B487-
88E69E42C9C5/data/Containers/Data/Application/96F7AAF5-BE5D-4FEF-A629-5B2105F72
948/Documents/TeXAnt/GitProjects/LaTexTest/test.aux)
\openout1 = test.aux

LaTeX Font Info:    Checking defaults for OML/cmm/m/it on input line 9.
LaTeX Font Info:    ... okay on input line 9.
LaTeX Font Info:    Checking defaults for OMS/cmsy/m/n on input line 9.
LaTeX Font Info:    ... okay on input line 9.
LaTeX Font Info:    Checking defaults for OT1/cmr/m/n on input line 9.
LaTeX Font Info:    ... okay on input line 9.
LaTeX Font Info:    Checking defaults for T1/cmr/m/n on input line 9.
LaTeX Font Info:    ... okay on input line 9.
LaTeX Font Info:    Checking defaults for TS1/cmr/m/n on input line 9.
LaTeX Font Info:    ... okay on input line 9.
LaTeX Font Info:    Checking defaults for TU/lmr/m/n on input line 9.
LaTeX Font Info:    ... okay on input line 9.
LaTeX Font Info:    Checking defaults for OMX/cmex/m/n on input line 9.
LaTeX Font Info:    ... okay on input line 9.
LaTeX Font Info:    Checking defaults for U/cmr/m/n on input line 9.
LaTeX Font Info:    ... okay on input line 9.
[1

{/Users/reczen/Library/Developer/CoreSimulator/Devices/5B641BF6-3AA0-4B55-B487-8
8E69E42C9C5/data/Containers/Data/Application/96F7AAF5-BE5D-4FEF-A629-5B2105F7294
8/Documents/TeXAnt/texmf-local/fonts/map/pdftex/pdftex.map}] [2]
(/Users/reczen/Library/Developer/CoreSimulator/Devices/5B641BF6-3AA0-4B55-B487-
88E69E42C9C5/data/Containers/Data/Application/96F7AAF5-BE5D-4FEF-A629-5B2105F72
948/Documents/TeXAnt/GitProjects/LaTexTest/test.aux)
 ***********
LaTeX2e <2025-11-01>
L3 programming layer <2026-01-19>
 ***********
)
[PROFILE] main_init_ms=0 fmt_load_ms=23 start_input_ms=0 main_control_ms=329 fin
al_cleanup_ms=0
[PROFILE] token_fetch_ms=164 macro_expand_ms=3 font_load_ms=93 font_tfm_ms=17 fo
nt_ofm_ms=0 font_otf_ms=76 page_build_ms=0 hyphenation_ms=0 cmd_exec_ms=164 lua_
gc_ms=0 file_lookup_ms=0
[PROFILE] token_count=21578 cmd_count=21604 font_load_count=30 font_tfm_count=2
4 font_ofm_count=0 font_otf_count=6 page_build_calls=185 hyphenation_calls=87 fi
le_lookup_count=49 lua_gc_count=0


Here is how much of LuaTeX's memory you used:
 1229 strings out of 176075
 100000,460012 words of node,token memory allocated 501 words of node memory still in use:
   6 hlist, 2 vlist, 2 rule, 2 glue, 4 kern, 1 glyph, 9 attribute, 53 glue_spec,
 9 attribute_list, 1 write nodes
   avail lists: 2:280,3:116,4:4,5:92,6:36,7:1301,8:15,9:190,10:3,11:76
 23729 multiletter control sequences out of 65536+600000
 44 fonts using 6469029 bytes
 56i,6n,62p,363b,237s stack positions out of 5000i,500n,20000p,200000b,8000s
</Users/reczen/Library/Developer/CoreSimulator/Devices/5B641BF6-3AA0-4B55-B487-8
8E69E42C9C5/data/Containers/Data/Application/96F7AAF5-BE5D-4FEF-A629-5B2105F7294
8/Documents/TeXAnt/texmf-local/fonts/opentype/public/lm/lmroman10-regular.otf></
Users/reczen/Library/Developer/CoreSimulator/Devices/5B641BF6-3AA0-4B55-B487-88E
69E42C9C5/data/Containers/Data/Application/96F7AAF5-BE5D-4FEF-A629-5B2105F72948/
Documents/TeXAnt/texmf-local/fonts/opentype/public/lm/lmroman12-bold.otf></Users
/reczen/Library/Developer/CoreSimulator/Devices/5B641BF6-3AA0-4B55-B487-88E69E42
C9C5/data/Containers/Data/Application/96F7AAF5-BE5D-4FEF-A629-5B2105F72948/Docum
ents/TeXAnt/texmf-local/fonts/opentype/public/lm/lmroman12-regular.otf></Users/r
eczen/Library/Developer/CoreSimulator/Devices/5B641BF6-3AA0-4B55-B487-88E69E42C9
C5/data/Containers/Data/Application/96F7AAF5-BE5D-4FEF-A629-5B2105F72948/Documen
ts/TeXAnt/texmf-local/fonts/opentype/public/lm/lmroman17-regular.otf></Users/rec
zen/Library/Developer/CoreSimulator/Devices/5B641BF6-3AA0-4B55-B487-88E69E42C9C5
/data/Containers/Data/Application/96F7AAF5-BE5D-4FEF-A629-5B2105F72948/Documents
/TeXAnt/texmf-local/fonts/type1/public/amsfonts/cm/cmex10.pfb></Users/reczen/Lib
rary/Developer/CoreSimulator/Devices/5B641BF6-3AA0-4B55-B487-88E69E42C9C5/data/C
ontainers/Data/Application/96F7AAF5-BE5D-4FEF-A629-5B2105F72948/Documents/TeXAnt
/texmf-local/fonts/type1/public/amsfonts/cm/cmmi10.pfb></Users/reczen/Library/De
veloper/CoreSimulator/Devices/5B641BF6-3AA0-4B55-B487-88E69E42C9C5/data/Containe
rs/Data/Application/96F7AAF5-BE5D-4FEF-A629-5B2105F72948/Documents/TeXAnt/texmf-
local/fonts/type1/public/amsfonts/cm/cmmi7.pfb></Users/reczen/Library/Developer/
CoreSimulator/Devices/5B641BF6-3AA0-4B55-B487-88E69E42C9C5/data/Containers/Data/
Application/96F7AAF5-BE5D-4FEF-A629-5B2105F72948/Documents/TeXAnt/texmf-local/fo
nts/type1/public/amsfonts/cm/cmr10.pfb></Users/reczen/Library/Developer/CoreSimu
lator/Devices/5B641BF6-3AA0-4B55-B487-88E69E42C9C5/data/Containers/Data/Applicat
ion/96F7AAF5-BE5D-4FEF-A629-5B2105F72948/Documents/TeXAnt/texmf-local/fonts/type
1/public/amsfonts/cm/cmr5.pfb></Users/reczen/Library/Developer/CoreSimulator/Dev
ices/5B641BF6-3AA0-4B55-B487-88E69E42C9C5/data/Containers/Data/Application/96F7A
AF5-BE5D-4FEF-A629-5B2105F72948/Documents/TeXAnt/texmf-local/fonts/type1/public/
amsfonts/cm/cmr7.pfb></Users/reczen/Library/Developer/CoreSimulator/Devices/5B64
1BF6-3AA0-4B55-B487-88E69E42C9C5/data/Containers/Data/Application/96F7AAF5-BE5D-
4FEF-A629-5B2105F72948/Documents/TeXAnt/texmf-local/fonts/type1/public/amsfonts/
cm/cmsy10.pfb></Users/reczen/Library/Developer/CoreSimulator/Devices/5B641BF6-3A
A0-4B55-B487-88E69E42C9C5/data/Containers/Data/Application/96F7AAF5-BE5D-4FEF-A6
29-5B2105F72948/Documents/TeXAnt/texmf-local/fonts/type1/public/amsfonts/cm/cmsy
7.pfb>
Output written on test.pdf (2 pages, 78593 bytes).

PDF statistics: 71 PDF objects out of 1000 (max. 8388607)
 46 compressed objects within 1 object stream
 0 named destinations out of 1000 (max. 1048576)
 1 words of extra memory for PDF output out of 10000 (max. 100000000)

